
> rest-express@1.0.0 check
> tsc

client/src/components/Navbar.tsx(2,22): error TS7016: Could not find a declaration file for module 'react-scroll'. 'C:/Users/USER/Downloads/Portfolio-Showcase/Portfolio-Showcase/node_modules/react-scroll/modules/index.js' implicitly has an 'any' type.
  Try `npm i --save-dev @types/react-scroll` if it exists or add a new declaration (.d.ts) file containing `declare module 'react-scroll';`
client/src/hooks/use-contact.ts(2,20): error TS2305: Module '"@shared/routes"' has no exported member 'InsertContactMessage'.
client/src/pages/Home.tsx(16,22): error TS7016: Could not find a declaration file for module 'react-scroll'. 'C:/Users/USER/Downloads/Portfolio-Showcase/Portfolio-Showcase/node_modules/react-scroll/modules/index.js' implicitly has an 'any' type.
  Try `npm i --save-dev @types/react-scroll` if it exists or add a new declaration (.d.ts) file containing `declare module 'react-scroll';`
